<?xml version="1.0" encoding="utf-8"?><testsuite errors="0" failures="0" name="pytest" skips="0" tests="5" time="0.139"><testcase classname="sources.test_calc.TestCalc" file="sources/test_calc.py" line="16" name="test_add_floats" time="0.00664782524109"></testcase><testcase classname="sources.test_calc.TestCalc" file="sources/test_calc.py" line="9" name="test_add_integers" time="0.00395512580872"></testcase><testcase classname="sources.test_calc.TestCalc" file="sources/test_calc.py" line="31" name="test_add_string_and_integer" time="0.00384974479675"></testcase><testcase classname="sources.test_calc.TestCalc" file="sources/test_calc.py" line="39" name="test_add_string_and_number" time="0.0041069984436"></testcase><testcase classname="sources.test_calc.TestCalc" file="sources/test_calc.py" line="23" name="test_add_strings" time="0.00350141525269"></testcase></testsuite>